// Jest Snapshot v1, https://goo.gl/fbAQLP

exports[`matchCredentials should call compare with password parameter 1`] = `
Array [
  "invalid-password",
  "mock-password",
]
`;

exports[`matchCredentials should return false when credentials don't match to mocks 1`] = `false`;

exports[`matchCredentials should return true when credentials match to mocks 1`] = `true`;
